// Jest Snapshot v1, https://goo.gl/fbAQLP

exports[`<App /> should match the previous snapshot of the component tests that the component has not changed and matched the previous snapshot 1`] = `
<div
  className="Loading-container"
>
  <div
    aria-busy="true"
    className="loading-text"
    style={Object {}}
  >
    <svg
      aria-label="audio-loading"
      fill="#C0C0C0"
      height={150}
      viewBox="0 0 105 105"
      width={150}
    >
      <circle
        cx="12.5"
        cy="12.5"
        r="12.5"
      >
        <animate
          attributeName="fill-opacity"
          begin="0s"
          calcMode="linear"
          dur="1s"
          repeatCount="indefinite"
          values="1;.2;1"
        />
      </circle>
      <circle
        cx="12.5"
        cy="52.5"
        r="12.5"
      >
        <animate
          attributeName="fill-opacity"
          begin="100ms"
          calcMode="linear"
          dur="1s"
          repeatCount="indefinite"
          values="1;.2;1"
        />
      </circle>
      <circle
        cx="52.5"
        cy="12.5"
        r="12.5"
      >
        <animate
          attributeName="fill-opacity"
          begin="300ms"
          calcMode="linear"
          dur="1s"
          repeatCount="indefinite"
          values="1;.2;1"
        />
      </circle>
      <circle
        cx="52.5"
        cy="52.5"
        r="12.5"
      >
        <animate
          attributeName="fill-opacity"
          begin="600ms"
          calcMode="linear"
          dur="1s"
          repeatCount="indefinite"
          values="1;.2;1"
        />
      </circle>
      <circle
        cx="92.5"
        cy="12.5"
        r="12.5"
      >
        <animate
          attributeName="fill-opacity"
          begin="800ms"
          calcMode="linear"
          dur="1s"
          repeatCount="indefinite"
          values="1;.2;1"
        />
      </circle>
      <circle
        cx="92.5"
        cy="52.5"
        r="12.5"
      >
        <animate
          attributeName="fill-opacity"
          begin="400ms"
          calcMode="linear"
          dur="1s"
          repeatCount="indefinite"
          values="1;.2;1"
        />
      </circle>
      <circle
        cx="12.5"
        cy="92.5"
        r="12.5"
      >
        <animate
          attributeName="fill-opacity"
          begin="700ms"
          calcMode="linear"
          dur="1s"
          repeatCount="indefinite"
          values="1;.2;1"
        />
      </circle>
      <circle
        cx="52.5"
        cy="92.5"
        r="12.5"
      >
        <animate
          attributeName="fill-opacity"
          begin="500ms"
          calcMode="linear"
          dur="1s"
          repeatCount="indefinite"
          values="1;.2;1"
        />
      </circle>
      <circle
        cx="92.5"
        cy="92.5"
        r="12.5"
      >
        <animate
          attributeName="fill-opacity"
          begin="200ms"
          calcMode="linear"
          dur="1s"
          repeatCount="indefinite"
          values="1;.2;1"
        />
      </circle>
    </svg>
  </div>
</div>
`;
