// Jest Snapshot v1, https://goo.gl/fbAQLP

exports[`<ImageViewer /> should match the previous snapshot of the component tests that the component has not changed and matched the previous snapshot 1`] = `
<div
  className="Loading-container"
>
  <div
    className="goo__Wrapper-sc-12keask-0 crDyBj"
    size={80}
  >
    <div
      className="goo__BallsWrapper-sc-12keask-1 fvLLXo"
      size={80}
    >
      <div
        className="goo__Ball-sc-12keask-2 fviCBF"
        color="#5557fe"
        size={80}
        x={26.666666666666664}
        y={26.666666666666664}
      />
      <div
        className="goo__Ball-sc-12keask-2 dctINf"
        color="#5557fe"
        size={80}
        x={26.666666666666664}
        y={26.666666666666664}
      />
    </div>
    <svg
      version="1.1"
      xmlns="http://www.w3.org/2000/svg"
    >
      <defs>
        <filter
          id="goo"
        >
          <feGaussianBlur
            in="SourceGraphic"
            result="blur"
            stdDeviation="6"
          />
          <feColorMatrix
            in="blur"
            mode="matrix"
            result="goo"
            values="1 0 0 0 0  0 1 0 0 0  0 0 1 0 0  0 0 0 15 -5"
          />
          <feBlend
            in="SourceGraphic"
            in2="goo"
          />
        </filter>
      </defs>
    </svg>
  </div>
</div>
`;
